// Jest Snapshot v1, https://goo.gl/fbAQLP

exports[`Nav component matches component 1`] = `[Function]`;
